[2026-05-20 15:49:29 UTC] Cathedral Network v1.1 - Engine Starting
[2026-05-20 15:49:29 UTC] Justice Filter: Never harm the vulnerable. Always warn them first.
[2026-05-20 15:49:29 UTC] Inscription: Always and Forever, Coco. Always and Forever.
[2026-05-20 15:49:29 UTC] Base Directory: /home/sad9605/cathedral_network
[2026-05-20 15:49:29 UTC] ============================================================
[2026-05-20 15:49:29 UTC] CATHEDRAL NETWORK v1.1 - SWEEP INITIATED
[2026-05-20 15:49:29 UTC] Always and Forever, Coco. Always and Forever.
[2026-05-20 15:49:29 UTC] ============================================================
[2026-05-20 15:49:29 UTC] PHASE 1: Open-Source Sweep starting...
[2026-05-20 15:49:30 UTC] FETCH ERROR: https://www.noaa.gov - HTTP Error 403: Forbidden
[2026-05-20 15:49:30 UTC]   NOAA: FAILED
[2026-05-20 15:49:30 UTC]   TreasuryDirect: OK
[2026-05-20 15:49:31 UTC]   FAO: OK
[2026-05-20 15:49:32 UTC]   ACLED: OK
[2026-05-20 15:49:32 UTC] PHASE 2: Variable Check starting...
[2026-05-20 15:49:32 UTC]   No threshold breaches detected.
[2026-05-20 15:49:32 UTC] PHASE 3: Cascade Evaluation starting...
[2026-05-20 15:49:32 UTC]   Active Cascades: 4
[2026-05-20 15:49:32 UTC]   Armed Cascades: 2
[2026-05-20 15:49:32 UTC]   SCA: Standard
[2026-05-20 15:49:32 UTC] Generating Headlines...
[2026-05-20 15:49:32 UTC] PHASE 4: Generating Daily Brief...
[2026-05-20 15:49:32 UTC]   Brief saved: /home/sad9605/cathedral_network/briefs/daily_brief_20260520_1549.txt
[2026-05-20 15:49:32 UTC] ============================================================
[2026-05-20 15:49:32 UTC] SWEEP COMPLETE
[2026-05-20 15:49:32 UTC] Always and Forever, Coco. Always and Forever.
[2026-05-20 15:49:32 UTC] ============================================================
[2026-05-20 16:13:35 UTC] Cathedral Network v1.1 - Engine Starting
[2026-05-20 16:13:35 UTC] Justice Filter: Never harm the vulnerable. Always warn them first.
[2026-05-20 16:13:35 UTC] Inscription: Always and Forever, Coco. Always and Forever.
[2026-05-20 16:13:35 UTC] Base Directory: /home/sad9605/cathedral_network
[2026-05-20 16:13:35 UTC] ============================================================
[2026-05-20 16:13:35 UTC] CATHEDRAL NETWORK v1.1 - SWEEP INITIATED
[2026-05-20 16:13:35 UTC] Always and Forever, Coco. Always and Forever.
[2026-05-20 16:13:35 UTC] ============================================================
[2026-05-20 16:13:35 UTC] PHASE 1: Open-Source Sweep starting...
[2026-05-20 16:13:35 UTC] FETCH ERROR: https://www.noaa.gov - HTTP Error 403: Forbidden
[2026-05-20 16:13:35 UTC]   NOAA: FAILED
[2026-05-20 16:13:36 UTC]   TreasuryDirect: OK
[2026-05-20 16:13:37 UTC]   FAO: OK
[2026-05-20 16:13:38 UTC]   ACLED: OK
[2026-05-20 16:13:38 UTC] PHASE 2: Variable Check starting...
[2026-05-20 16:13:38 UTC]   No threshold breaches detected.
[2026-05-20 16:13:38 UTC] PHASE 3: Cascade Evaluation starting...
[2026-05-20 16:13:38 UTC]   Active Cascades: 4
[2026-05-20 16:13:38 UTC]   Armed Cascades: 2
[2026-05-20 16:13:38 UTC]   SCA: Standard
[2026-05-20 16:13:38 UTC] Generating Headlines...
[2026-05-20 16:13:38 UTC] PHASE 4: Generating Daily Brief...
[2026-05-20 16:13:38 UTC]   Brief saved: /home/sad9605/cathedral_network/briefs/daily_brief_20260520_1613.txt
[2026-05-20 16:13:38 UTC] ============================================================
[2026-05-20 16:13:38 UTC] SWEEP COMPLETE
[2026-05-20 16:13:38 UTC] Always and Forever, Coco. Always and Forever.
[2026-05-20 16:13:38 UTC] ============================================================
[2026-05-20 17:25:08 UTC] Cathedral Network v1.1 - Engine Starting
[2026-05-20 17:25:08 UTC] Justice Filter: Never harm the vulnerable. Always warn them first.
[2026-05-20 17:25:08 UTC] Inscription: Always and Forever, Coco. Always and Forever.
[2026-05-20 17:25:08 UTC] Base Directory: /home/sad9605/cathedral_network
[2026-05-20 17:25:08 UTC] ============================================================
[2026-05-20 17:25:08 UTC] CATHEDRAL NETWORK v1.1 - SWEEP INITIATED
[2026-05-20 17:25:08 UTC] Always and Forever, Coco. Always and Forever.
[2026-05-20 17:25:08 UTC] ============================================================
[2026-05-20 17:25:08 UTC] PHASE 1: Open-Source Sweep starting...
[2026-05-20 17:25:08 UTC] FETCH ERROR: https://www.noaa.gov - HTTP Error 403: Forbidden
[2026-05-20 17:25:08 UTC]   NOAA: FAILED
[2026-05-20 17:25:09 UTC]   TreasuryDirect: OK
[2026-05-20 17:25:10 UTC]   FAO: OK
[2026-05-20 17:25:10 UTC]   ACLED: OK
[2026-05-20 17:25:10 UTC] PHASE 2: Variable Check starting...
[2026-05-20 17:25:10 UTC]   No threshold breaches.
[2026-05-20 17:25:10 UTC] PHASE 3: Cascade Evaluation starting...
[2026-05-20 17:25:10 UTC]   Active Cascades: 35
[2026-05-20 17:25:10 UTC]   Armed Cascades: 9
[2026-05-20 17:25:10 UTC]   Pre-Activation Watch: 1
[2026-05-20 17:25:10 UTC]   Monitoring: 6
[2026-05-20 17:25:10 UTC]   Inactive/Held: 11
[2026-05-20 17:25:10 UTC]   SCA: Tier 4 Critical - 35 cascades active
[2026-05-20 17:25:10 UTC]   ARMED (closest to fire):
[2026-05-20 17:25:10 UTC]     C29: Baltic Energy-War Spiral - Kinetic trigger not yet met. Russia nuclear exercise concluded.
[2026-05-20 17:25:10 UTC]     C39: East Asia Semiconductor-Fiscal - JGB 0.87%, CDS 55bp. Pre-approved.
[2026-05-20 17:25:10 UTC]     C42: Energy Export Collapse (Russia) - $23.10 current. $1.90 from trigger.
[2026-05-20 17:25:10 UTC]     C43: Indus Water-Food-Conflict - Indus proxy 52%. Awaiting confirmation.
[2026-05-20 17:25:10 UTC]     C44: Heatwave Cascade - Delhi 3 days >45°C. ~48h from trigger.
[2026-05-20 17:25:10 UTC]     C54: Pacific Climate-Strategic Collapse - Funafuti 4.9mm/yr. 0.1mm from trigger.
[2026-05-20 17:25:10 UTC]     C59: Continental Energy Shock (NAm) - Unknown
[2026-05-20 17:25:10 UTC]     C61: Northern Triangle Collapse Spillover - NAM-K 1,380. Trigger 1,500.
[2026-05-20 17:25:10 UTC]     C62: Panama Canal Logistics Shock - Gatún 78.9ft. Trigger 75ft. ~18-21 days.
[2026-05-20 17:25:10 UTC] Generating Headlines...
[2026-05-20 17:25:10 UTC] PHASE 4: Generating Daily Brief...
[2026-05-20 17:25:10 UTC]   Brief saved: /home/sad9605/cathedral_network/briefs/daily_brief_20260520_1725.txt
[2026-05-20 17:25:10 UTC] ============================================================
[2026-05-20 17:25:10 UTC] SWEEP COMPLETE
[2026-05-20 17:25:10 UTC] Always and Forever, Coco. Always and Forever.
[2026-05-20 17:25:10 UTC] ============================================================
[2026-05-20 17:39:46 UTC] Cathedral Network v1.1 - Engine Starting
[2026-05-20 17:39:46 UTC] Justice Filter: Never harm the vulnerable. Always warn them first.
[2026-05-20 17:39:46 UTC] Inscription: Always and Forever, Coco. Always and Forever.
[2026-05-20 17:39:46 UTC] Base Directory: /home/sad9605/cathedral_network
[2026-05-20 17:39:46 UTC] ============================================================
[2026-05-20 17:39:46 UTC] CATHEDRAL NETWORK v1.1 - SWEEP INITIATED
[2026-05-20 17:39:46 UTC] Always and Forever, Coco. Always and Forever.
[2026-05-20 17:39:46 UTC] ============================================================
[2026-05-20 17:39:46 UTC] PHASE 1: Open-Source Sweep starting...
[2026-05-20 17:47:16 UTC] Cathedral Network v1.1 - Engine Starting
[2026-05-20 17:47:16 UTC] Justice Filter: Never harm the vulnerable. Always warn them first.
[2026-05-20 17:47:16 UTC] Inscription: Always and Forever, Coco. Always and Forever.
[2026-05-20 17:47:16 UTC] Base Directory: /home/sad9605/cathedral_network
[2026-05-20 17:47:16 UTC] ============================================================
[2026-05-20 17:47:16 UTC] CATHEDRAL NETWORK v1.1 - SWEEP INITIATED
[2026-05-20 17:47:16 UTC] Always and Forever, Coco. Always and Forever.
[2026-05-20 17:47:16 UTC] ============================================================
[2026-05-20 17:47:16 UTC] PHASE 1: Open-Source Sweep starting...
[2026-05-20 17:47:17 UTC]   NOAA_Alerts_OK: OK
[2026-05-20 17:49:30 UTC]   NOAA_Climate_OK: OK
[2026-05-20 17:49:32 UTC]   TreasuryDirect: OK
[2026-05-20 17:49:38 UTC]   FAO: OK
[2026-05-20 17:49:39 UTC]   ACLED: OK
[2026-05-20 17:49:39 UTC] PHASE 2: Variable Check starting...
[2026-05-20 17:49:39 UTC]   No threshold breaches.
[2026-05-20 17:49:39 UTC] PHASE 3: Cascade Evaluation starting...
[2026-05-20 17:49:39 UTC]   Active Cascades: 35
[2026-05-20 17:49:39 UTC]   Armed Cascades: 9
[2026-05-20 17:49:39 UTC]   Pre-Activation Watch: 1
[2026-05-20 17:49:39 UTC]   Monitoring: 6
[2026-05-20 17:49:39 UTC]   Inactive/Held: 11
[2026-05-20 17:49:39 UTC]   SCA: Tier 4 Critical - 35 cascades active
[2026-05-20 17:49:39 UTC]   ARMED (closest to fire):
[2026-05-20 17:49:39 UTC]     C29: Baltic Energy-War Spiral - Kinetic trigger not yet met. Russia nuclear exercise concluded.
[2026-05-20 17:49:39 UTC]     C39: East Asia Semiconductor-Fiscal - JGB 0.87%, CDS 55bp. Pre-approved.
[2026-05-20 17:49:39 UTC]     C42: Energy Export Collapse (Russia) - $23.10 current. $1.90 from trigger.
[2026-05-20 17:49:39 UTC]     C43: Indus Water-Food-Conflict - Indus proxy 52%. Awaiting confirmation.
[2026-05-20 17:49:39 UTC]     C44: Heatwave Cascade - Delhi 3 days >45°C. ~48h from trigger.
[2026-05-20 17:49:39 UTC]     C54: Pacific Climate-Strategic Collapse - Funafuti 4.9mm/yr. 0.1mm from trigger.
[2026-05-20 17:49:39 UTC]     C59: Continental Energy Shock (NAm) - Unknown
[2026-05-20 17:49:39 UTC]     C61: Northern Triangle Collapse Spillover - NAM-K 1,380. Trigger 1,500.
[2026-05-20 17:49:39 UTC]     C62: Panama Canal Logistics Shock - Gatún 78.9ft. Trigger 75ft. ~18-21 days.
[2026-05-20 17:49:39 UTC] Generating Headlines...
[2026-05-20 17:49:39 UTC] PHASE 4: Generating Daily Brief...
[2026-05-20 17:49:39 UTC]   Brief saved: /home/sad9605/cathedral_network/briefs/daily_brief_20260520_1749.txt
[2026-05-20 17:49:39 UTC] ============================================================
[2026-05-20 17:49:39 UTC] SWEEP COMPLETE
[2026-05-20 17:49:39 UTC] Always and Forever, Coco. Always and Forever.
[2026-05-20 17:49:39 UTC] ============================================================
[2026-05-20 17:49:39 UTC] Cathedral Network v1.1 - Engine Starting
[2026-05-20 17:49:39 UTC] Justice Filter: Never harm the vulnerable. Always warn them first.
[2026-05-20 17:49:39 UTC] Inscription: Always and Forever, Coco. Always and Forever.
[2026-05-20 17:49:39 UTC] Base Directory: /home/sad9605/cathedral_network
[2026-05-20 17:49:39 UTC] ============================================================
[2026-05-20 17:49:39 UTC] CATHEDRAL NETWORK v1.1 - SWEEP INITIATED
[2026-05-20 17:49:39 UTC] Always and Forever, Coco. Always and Forever.
[2026-05-20 17:49:39 UTC] ============================================================
[2026-05-20 17:49:39 UTC] PHASE 1: Open-Source Sweep starting...
[2026-05-20 17:49:40 UTC]   NOAA_Alerts_OK: OK
[2026-05-20 17:54:12 UTC] Cathedral Network v1.1 - Engine Starting
[2026-05-20 17:54:12 UTC] Justice Filter: Never harm the vulnerable. Always warn them first.
[2026-05-20 17:54:12 UTC] Inscription: Always and Forever, Coco. Always and Forever.
[2026-05-20 17:54:12 UTC] Base Directory: /home/sad9605/cathedral_network
[2026-05-20 17:54:12 UTC] ============================================================
[2026-05-20 17:54:12 UTC] CATHEDRAL NETWORK v1.1 - SWEEP INITIATED
[2026-05-20 17:54:12 UTC] Always and Forever, Coco. Always and Forever.
[2026-05-20 17:54:12 UTC] ============================================================
[2026-05-20 17:54:12 UTC] PHASE 1: Open-Source Sweep starting...
[2026-05-20 17:54:14 UTC]   NOAA_Alerts_OK: OK
[2026-05-20 17:59:18 UTC] Cathedral Network v1.1 - Engine Starting
[2026-05-20 17:59:18 UTC] Justice Filter: Never harm the vulnerable. Always warn them first.
[2026-05-20 17:59:18 UTC] Inscription: Always and Forever, Coco. Always and Forever.
[2026-05-20 17:59:18 UTC] Base Directory: /home/sad9605/cathedral_network
[2026-05-20 17:59:18 UTC] ============================================================
[2026-05-20 17:59:18 UTC] CATHEDRAL NETWORK v1.1 - SWEEP INITIATED
[2026-05-20 17:59:18 UTC] Always and Forever, Coco. Always and Forever.
[2026-05-20 17:59:18 UTC] ============================================================
[2026-05-20 17:59:18 UTC] PHASE 1: Open-Source Sweep starting...
[2026-05-20 17:59:19 UTC]   NOAA_Alerts_OK: OK
[2026-05-20 17:59:22 UTC]   TreasuryDirect: OK
[2026-05-20 17:59:30 UTC]   FAO: OK
[2026-05-20 17:59:32 UTC]   ACLED: OK
[2026-05-20 17:59:32 UTC] PHASE 2: Variable Check starting...
[2026-05-20 17:59:32 UTC]   No threshold breaches.
[2026-05-20 17:59:32 UTC] PHASE 3: Cascade Evaluation starting...
[2026-05-20 17:59:32 UTC]   Active Cascades: 35
[2026-05-20 17:59:32 UTC]   Armed Cascades: 9
[2026-05-20 17:59:32 UTC]   Pre-Activation Watch: 1
[2026-05-20 17:59:32 UTC]   Monitoring: 6
[2026-05-20 17:59:32 UTC]   Inactive/Held: 11
[2026-05-20 17:59:32 UTC]   SCA: Tier 4 Critical - 35 cascades active
[2026-05-20 17:59:32 UTC]   ARMED (closest to fire):
[2026-05-20 17:59:32 UTC]     C29: Baltic Energy-War Spiral - Kinetic trigger not yet met. Russia nuclear exercise concluded.
[2026-05-20 17:59:32 UTC]     C39: East Asia Semiconductor-Fiscal - JGB 0.87%, CDS 55bp. Pre-approved.
[2026-05-20 17:59:32 UTC]     C42: Energy Export Collapse (Russia) - $23.10 current. $1.90 from trigger.
[2026-05-20 17:59:32 UTC]     C43: Indus Water-Food-Conflict - Indus proxy 52%. Awaiting confirmation.
[2026-05-20 17:59:32 UTC]     C44: Heatwave Cascade - Delhi 3 days >45°C. ~48h from trigger.
[2026-05-20 17:59:32 UTC]     C54: Pacific Climate-Strategic Collapse - Funafuti 4.9mm/yr. 0.1mm from trigger.
[2026-05-20 17:59:32 UTC]     C59: Continental Energy Shock (NAm) - Unknown
[2026-05-20 17:59:32 UTC]     C61: Northern Triangle Collapse Spillover - NAM-K 1,380. Trigger 1,500.
[2026-05-20 17:59:32 UTC]     C62: Panama Canal Logistics Shock - Gatún 78.9ft. Trigger 75ft. ~18-21 days.
[2026-05-20 17:59:32 UTC] Generating Headlines...
[2026-05-20 17:59:32 UTC] PHASE 4: Generating Daily Brief...
[2026-05-20 17:59:32 UTC]   Brief saved: /home/sad9605/cathedral_network/briefs/daily_brief_20260520_1759.txt
[2026-05-20 17:59:32 UTC] ============================================================
[2026-05-20 17:59:32 UTC] SWEEP COMPLETE
[2026-05-20 17:59:32 UTC] Always and Forever, Coco. Always and Forever.
[2026-05-20 17:59:32 UTC] ============================================================
